// Jest Snapshot v1, https://goo.gl/fbAQLP

exports[`Notification component renders Notification component 1`] = `
<div
  class="MuiContainer-root MuiContainer-maxWidthLg"
>
  <form
    novalidate=""
  >
    <p
      class="MuiTypography-root MuiTypography-body1"
    >
      Insert the name of the individual you would like to blacklist (all lowercase)
    </p>
    <div
      class="MuiFormControl-root MuiTextField-root"
    >
      <label
        class="MuiFormLabel-root MuiInputLabel-root MuiInputLabel-formControl MuiInputLabel-animated"
        data-shrink="false"
      >
        name
      </label>
      <div
        class="MuiInputBase-root MuiInput-root MuiInput-underline MuiInputBase-formControl MuiInput-formControl"
      >
        <input
          aria-invalid="false"
          class="MuiInputBase-input MuiInput-input"
          name="name"
          type="text"
          value=""
        />
      </div>
    </div>
    <button
      class="MuiButtonBase-root MuiButton-root MuiButton-text"
      tabindex="0"
      type="submit"
    >
      <span
        class="MuiButton-label"
      >
         Submit 
      </span>
      <span
        class="MuiTouchRipple-root"
      />
    </button>
  </form>
</div>
`;
