// Jest Snapshot v1, https://goo.gl/fbAQLP

exports[`ProtectedRoute component renders ProtectedRoute component 1`] = `null`;
