// Jest Snapshot v1, https://goo.gl/fbAQLP

exports[`renders correctly 1`] = `
<Modal
  animationType="slide"
  hardwareAccelerated={false}
  transparent={false}
  visible={false}
>
  <Text
    style={
      Object {
        "fontSize": 22,
      }
    }
    theme={
      Object {
        "colors": Object {
          "disabled": "hsl(208, 8%, 90%)",
          "divider": "#bcbbc1",
          "error": "#ff190c",
          "grey0": "#393e42",
          "grey1": "#43484d",
          "grey2": "#5e6977",
          "grey3": "#86939e",
          "grey4": "#bdc6cf",
          "grey5": "#e1e8ee",
          "greyOutline": "#bbb",
          "platform": Object {
            "android": Object {
              "error": "#f44336",
              "primary": "#2196f3",
              "secondary": "#9C27B0",
              "success": "#4caf50",
              "warning": "#ffeb3b",
            },
            "ios": Object {
              "error": "#ff3b30",
              "primary": "#007aff",
              "secondary": "#5856d6",
              "success": "#4cd964",
              "warning": "#ffcc00",
            },
          },
          "primary": "#2089dc",
          "searchBg": "#303337",
          "secondary": "#8F0CE8",
          "success": "#52c41a",
          "warning": "#faad14",
        },
      }
    }
  >
    Stream Link:
  </Text>
  <View
    style={
      Object {
        "paddingHorizontal": 10,
        "width": "100%",
      }
    }
  >
    <View
      style={
        Object {
          "alignItems": "center",
          "borderBottomWidth": 1,
          "borderColor": "#86939e",
          "flexDirection": "row",
          "transform": Array [
            Object {
              "translateX": 0,
            },
          ],
        }
      }
    >
      <TextInput
        allowFontScaling={true}
        editable={true}
        onChangeText={[Function]}
        placeholder="rtmp://"
        rejectResponderTermination={true}
        style={
          Object {
            "alignSelf": "center",
            "color": "black",
            "flex": 1,
            "fontSize": 18,
            "minHeight": 40,
          }
        }
        testID="RNE__Input__text-input"
        underlineColorAndroid="transparent"
        value=""
      />
    </View>
  </View>
  <Text
    style={
      Object {
        "fontSize": 22,
      }
    }
    theme={
      Object {
        "colors": Object {
          "disabled": "hsl(208, 8%, 90%)",
          "divider": "#bcbbc1",
          "error": "#ff190c",
          "grey0": "#393e42",
          "grey1": "#43484d",
          "grey2": "#5e6977",
          "grey3": "#86939e",
          "grey4": "#bdc6cf",
          "grey5": "#e1e8ee",
          "greyOutline": "#bbb",
          "platform": Object {
            "android": Object {
              "error": "#f44336",
              "primary": "#2196f3",
              "secondary": "#9C27B0",
              "success": "#4caf50",
              "warning": "#ffeb3b",
            },
            "ios": Object {
              "error": "#ff3b30",
              "primary": "#007aff",
              "secondary": "#5856d6",
              "success": "#4cd964",
              "warning": "#ffcc00",
            },
          },
          "primary": "#2089dc",
          "searchBg": "#303337",
          "secondary": "#8F0CE8",
          "success": "#52c41a",
          "warning": "#faad14",
        },
      }
    }
  >
    Video Bit Rate:
  </Text>
  <View
    style={
      Object {
        "paddingHorizontal": 10,
        "width": "100%",
      }
    }
  >
    <View
      style={
        Object {
          "alignItems": "center",
          "borderBottomWidth": 1,
          "borderColor": "#86939e",
          "flexDirection": "row",
          "transform": Array [
            Object {
              "translateX": 0,
            },
          ],
        }
      }
    >
      <TextInput
        allowFontScaling={true}
        editable={true}
        onChangeText={[Function]}
        placeholder="8000000 (Recommended)"
        rejectResponderTermination={true}
        style={
          Object {
            "alignSelf": "center",
            "color": "black",
            "flex": 1,
            "fontSize": 18,
            "minHeight": 40,
          }
        }
        testID="RNE__Input__text-input"
        underlineColorAndroid="transparent"
        value="1234"
      />
    </View>
  </View>
  <Text
    style={
      Object {
        "fontSize": 22,
      }
    }
    theme={
      Object {
        "colors": Object {
          "disabled": "hsl(208, 8%, 90%)",
          "divider": "#bcbbc1",
          "error": "#ff190c",
          "grey0": "#393e42",
          "grey1": "#43484d",
          "grey2": "#5e6977",
          "grey3": "#86939e",
          "grey4": "#bdc6cf",
          "grey5": "#e1e8ee",
          "greyOutline": "#bbb",
          "platform": Object {
            "android": Object {
              "error": "#f44336",
              "primary": "#2196f3",
              "secondary": "#9C27B0",
              "success": "#4caf50",
              "warning": "#ffeb3b",
            },
            "ios": Object {
              "error": "#ff3b30",
              "primary": "#007aff",
              "secondary": "#5856d6",
              "success": "#4cd964",
              "warning": "#ffcc00",
            },
          },
          "primary": "#2089dc",
          "searchBg": "#303337",
          "secondary": "#8F0CE8",
          "success": "#52c41a",
          "warning": "#faad14",
        },
      }
    }
  >
    Audio Bit Rate:
  </Text>
  <View
    style={
      Object {
        "paddingHorizontal": 10,
        "width": "100%",
      }
    }
  >
    <View
      style={
        Object {
          "alignItems": "center",
          "borderBottomWidth": 1,
          "borderColor": "#86939e",
          "flexDirection": "row",
          "transform": Array [
            Object {
              "translateX": 0,
            },
          ],
        }
      }
    >
      <TextInput
        allowFontScaling={true}
        editable={true}
        onChangeText={[Function]}
        placeholder="128000 (Recommended)"
        rejectResponderTermination={true}
        style={
          Object {
            "alignSelf": "center",
            "color": "black",
            "flex": 1,
            "fontSize": 18,
            "minHeight": 40,
          }
        }
        testID="RNE__Input__text-input"
        underlineColorAndroid="transparent"
        value="1234"
      />
    </View>
  </View>
  <Text
    style={
      Object {
        "fontSize": 22,
      }
    }
    theme={
      Object {
        "colors": Object {
          "disabled": "hsl(208, 8%, 90%)",
          "divider": "#bcbbc1",
          "error": "#ff190c",
          "grey0": "#393e42",
          "grey1": "#43484d",
          "grey2": "#5e6977",
          "grey3": "#86939e",
          "grey4": "#bdc6cf",
          "grey5": "#e1e8ee",
          "greyOutline": "#bbb",
          "platform": Object {
            "android": Object {
              "error": "#f44336",
              "primary": "#2196f3",
              "secondary": "#9C27B0",
              "success": "#4caf50",
              "warning": "#ffeb3b",
            },
            "ios": Object {
              "error": "#ff3b30",
              "primary": "#007aff",
              "secondary": "#5856d6",
              "success": "#4cd964",
              "warning": "#ffcc00",
            },
          },
          "primary": "#2089dc",
          "searchBg": "#303337",
          "secondary": "#8F0CE8",
          "success": "#52c41a",
          "warning": "#faad14",
        },
      }
    }
  >
    Frames Per Second
  </Text>
  <View
    style={
      Object {
        "backgroundColor": "#fff",
        "borderColor": "#e3e3e3",
        "borderRadius": 3,
        "borderWidth": 1,
        "flexDirection": "row",
        "height": 100,
        "marginBottom": 5,
        "marginLeft": 10,
        "marginRight": 10,
        "marginTop": 5,
        "overflow": "hidden",
      }
    }
  >
    <View
      style={
        Object {
          "borderBottomLeftRadius": 3,
          "borderRightColor": "#bdc6cf",
          "borderRightWidth": 0,
          "borderTopLeftRadius": 3,
          "flex": 1,
        }
      }
    >
      <View
        accessible={true}
        focusable={true}
        onClick={[Function]}
        onResponderGrant={[Function]}
        onResponderMove={[Function]}
        onResponderRelease={[Function]}
        onResponderTerminate={[Function]}
        onResponderTerminationRequest={[Function]}
        onStartShouldSetResponder={[Function]}
        style={
          Object {
            "flex": 1,
            "opacity": 1,
          }
        }
        testID="buttonGroupItem"
      >
        <View
          style={
            Object {
              "alignItems": "center",
              "flex": 1,
              "justifyContent": "center",
            }
          }
        >
          <Text
            style={
              Object {
                "color": "#5e6977",
                "fontSize": 16.25,
                "fontWeight": "500",
              }
            }
            testID="buttonGroupItemText"
            theme={
              Object {
                "colors": Object {
                  "disabled": "hsl(208, 8%, 90%)",
                  "divider": "#bcbbc1",
                  "error": "#ff190c",
                  "grey0": "#393e42",
                  "grey1": "#43484d",
                  "grey2": "#5e6977",
                  "grey3": "#86939e",
                  "grey4": "#bdc6cf",
                  "grey5": "#e1e8ee",
                  "greyOutline": "#bbb",
                  "platform": Object {
                    "android": Object {
                      "error": "#f44336",
                      "primary": "#2196f3",
                      "secondary": "#9C27B0",
                      "success": "#4caf50",
                      "warning": "#ffeb3b",
                    },
                    "ios": Object {
                      "error": "#ff3b30",
                      "primary": "#007aff",
                      "secondary": "#5856d6",
                      "success": "#4cd964",
                      "warning": "#ffcc00",
                    },
                  },
                  "primary": "#2089dc",
                  "searchBg": "#303337",
                  "secondary": "#8F0CE8",
                  "success": "#52c41a",
                  "warning": "#faad14",
                },
              }
            }
          >
            15
          </Text>
        </View>
      </View>
    </View>
    <View
      style={
        Object {
          "borderLeftColor": "#bdc6cf",
          "borderLeftWidth": 1,
          "borderRightColor": "#bdc6cf",
          "borderRightWidth": 1,
          "flex": 1,
        }
      }
    >
      <View
        accessible={true}
        focusable={true}
        onClick={[Function]}
        onResponderGrant={[Function]}
        onResponderMove={[Function]}
        onResponderRelease={[Function]}
        onResponderTerminate={[Function]}
        onResponderTerminationRequest={[Function]}
        onStartShouldSetResponder={[Function]}
        style={
          Object {
            "flex": 1,
            "opacity": 1,
          }
        }
        testID="buttonGroupItem"
      >
        <View
          style={
            Object {
              "alignItems": "center",
              "flex": 1,
              "justifyContent": "center",
            }
          }
        >
          <Text
            style={
              Object {
                "color": "#5e6977",
                "fontSize": 16.25,
                "fontWeight": "500",
              }
            }
            testID="buttonGroupItemText"
            theme={
              Object {
                "colors": Object {
                  "disabled": "hsl(208, 8%, 90%)",
                  "divider": "#bcbbc1",
                  "error": "#ff190c",
                  "grey0": "#393e42",
                  "grey1": "#43484d",
                  "grey2": "#5e6977",
                  "grey3": "#86939e",
                  "grey4": "#bdc6cf",
                  "grey5": "#e1e8ee",
                  "greyOutline": "#bbb",
                  "platform": Object {
                    "android": Object {
                      "error": "#f44336",
                      "primary": "#2196f3",
                      "secondary": "#9C27B0",
                      "success": "#4caf50",
                      "warning": "#ffeb3b",
                    },
                    "ios": Object {
                      "error": "#ff3b30",
                      "primary": "#007aff",
                      "secondary": "#5856d6",
                      "success": "#4cd964",
                      "warning": "#ffcc00",
                    },
                  },
                  "primary": "#2089dc",
                  "searchBg": "#303337",
                  "secondary": "#8F0CE8",
                  "success": "#52c41a",
                  "warning": "#faad14",
                },
              }
            }
          >
            20
          </Text>
        </View>
      </View>
    </View>
    <View
      style={
        Object {
          "borderRightColor": "#bdc6cf",
          "borderRightWidth": 1,
          "flex": 1,
        }
      }
    >
      <View
        accessible={true}
        focusable={true}
        onClick={[Function]}
        onResponderGrant={[Function]}
        onResponderMove={[Function]}
        onResponderRelease={[Function]}
        onResponderTerminate={[Function]}
        onResponderTerminationRequest={[Function]}
        onStartShouldSetResponder={[Function]}
        style={
          Object {
            "flex": 1,
            "opacity": 1,
          }
        }
        testID="buttonGroupItem"
      >
        <View
          style={
            Object {
              "alignItems": "center",
              "flex": 1,
              "justifyContent": "center",
            }
          }
        >
          <Text
            style={
              Object {
                "color": "#5e6977",
                "fontSize": 16.25,
                "fontWeight": "500",
              }
            }
            testID="buttonGroupItemText"
            theme={
              Object {
                "colors": Object {
                  "disabled": "hsl(208, 8%, 90%)",
                  "divider": "#bcbbc1",
                  "error": "#ff190c",
                  "grey0": "#393e42",
                  "grey1": "#43484d",
                  "grey2": "#5e6977",
                  "grey3": "#86939e",
                  "grey4": "#bdc6cf",
                  "grey5": "#e1e8ee",
                  "greyOutline": "#bbb",
                  "platform": Object {
                    "android": Object {
                      "error": "#f44336",
                      "primary": "#2196f3",
                      "secondary": "#9C27B0",
                      "success": "#4caf50",
                      "warning": "#ffeb3b",
                    },
                    "ios": Object {
                      "error": "#ff3b30",
                      "primary": "#007aff",
                      "secondary": "#5856d6",
                      "success": "#4cd964",
                      "warning": "#ffcc00",
                    },
                  },
                  "primary": "#2089dc",
                  "searchBg": "#303337",
                  "secondary": "#8F0CE8",
                  "success": "#52c41a",
                  "warning": "#faad14",
                },
              }
            }
          >
            24
          </Text>
        </View>
      </View>
    </View>
    <View
      style={
        Object {
          "borderBottomRightRadius": 3,
          "borderTopRightRadius": 3,
          "flex": 1,
        }
      }
    >
      <View
        accessible={true}
        focusable={true}
        onClick={[Function]}
        onResponderGrant={[Function]}
        onResponderMove={[Function]}
        onResponderRelease={[Function]}
        onResponderTerminate={[Function]}
        onResponderTerminationRequest={[Function]}
        onStartShouldSetResponder={[Function]}
        style={
          Object {
            "flex": 1,
            "opacity": 1,
          }
        }
        testID="buttonGroupItem"
      >
        <View
          style={
            Object {
              "alignItems": "center",
              "flex": 1,
              "justifyContent": "center",
            }
          }
        >
          <Text
            style={
              Object {
                "color": "#5e6977",
                "fontSize": 16.25,
                "fontWeight": "500",
              }
            }
            testID="buttonGroupItemText"
            theme={
              Object {
                "colors": Object {
                  "disabled": "hsl(208, 8%, 90%)",
                  "divider": "#bcbbc1",
                  "error": "#ff190c",
                  "grey0": "#393e42",
                  "grey1": "#43484d",
                  "grey2": "#5e6977",
                  "grey3": "#86939e",
                  "grey4": "#bdc6cf",
                  "grey5": "#e1e8ee",
                  "greyOutline": "#bbb",
                  "platform": Object {
                    "android": Object {
                      "error": "#f44336",
                      "primary": "#2196f3",
                      "secondary": "#9C27B0",
                      "success": "#4caf50",
                      "warning": "#ffeb3b",
                    },
                    "ios": Object {
                      "error": "#ff3b30",
                      "primary": "#007aff",
                      "secondary": "#5856d6",
                      "success": "#4cd964",
                      "warning": "#ffcc00",
                    },
                  },
                  "primary": "#2089dc",
                  "searchBg": "#303337",
                  "secondary": "#8F0CE8",
                  "success": "#52c41a",
                  "warning": "#faad14",
                },
              }
            }
          >
            30
          </Text>
        </View>
      </View>
    </View>
  </View>
  <View
    accessibilityRole="button"
    accessibilityState={Object {}}
    accessible={true}
    focusable={true}
    onClick={[Function]}
    onResponderGrant={[Function]}
    onResponderMove={[Function]}
    onResponderRelease={[Function]}
    onResponderTerminate={[Function]}
    onResponderTerminationRequest={[Function]}
    onStartShouldSetResponder={[Function]}
    style={
      Object {
        "opacity": 1,
      }
    }
  >
    <View
      style={
        Array [
          Object {},
        ]
      }
    >
      <Text
        style={
          Array [
            Object {
              "color": "#007AFF",
              "fontSize": 18,
              "margin": 8,
              "textAlign": "center",
            },
          ]
        }
      >
        Logout
      </Text>
    </View>
  </View>
  <View
    accessibilityRole="button"
    accessibilityState={Object {}}
    accessible={true}
    focusable={true}
    onClick={[Function]}
    onResponderGrant={[Function]}
    onResponderMove={[Function]}
    onResponderRelease={[Function]}
    onResponderTerminate={[Function]}
    onResponderTerminationRequest={[Function]}
    onStartShouldSetResponder={[Function]}
    style={
      Object {
        "opacity": 1,
      }
    }
  >
    <View
      style={
        Array [
          Object {},
        ]
      }
    >
      <Text
        style={
          Array [
            Object {
              "color": "#007AFF",
              "fontSize": 18,
              "margin": 8,
              "textAlign": "center",
            },
          ]
        }
      >
        Done
      </Text>
    </View>
  </View>
</Modal>
`;
